{
 "metadata": [
  {
   "version": "0.11088",
   "name": "Mendeliome",
   "id": 137
  },
  {
   "version": "0.12345",
   "name": "Incidentalome",
   "id": 126
  }
 ],
 "genes": {
  "ENSG00ABCD": {
   "symbol": "ABCD",
   "moi": "Mono_And_Biallelic",
   "new": [126],
   "panels": [137, 126]
  },
  "ENSG00IJKL": {
   "symbol": "IJKL",
   "moi": "Mono_And_Biallelic",
   "new": [137],
   "panels": [123, 137]
  },
  "ENSG00MNOP": {
   "symbol": "MNOP",
   "moi": "Mono_And_Biallelic",
   "new": [126],
   "panels": [126]
  }
 }
}
