{
 "panel_metadata": {
  "current_version": "0.11088",
  "panel_name": "Mendeliome"
 },
 "ENSG00ABCD": {
  "symbol": "ABCD",
  "moi": "BIALLELIC",
  "new": false,
  "flags": []
 },
 "ENSG00EFGH": {
  "symbol": "EFGH",
  "moi": "MONOALLELIC",
  "new": false,
  "flags": []
 },
 "ENSG00IJKL": {
  "symbol": "IJKL",
  "moi": "BOTH",
  "new": false,
  "flags": []
 }
}
